PASS test/index.test.ts (28.264 s)
--------------------|---------|----------|---------|---------|-------------------
File                | % Stmts | % Branch | % Funcs | % Lines | Uncovered Line #s 
--------------------|---------|----------|---------|---------|-------------------
All files           |   67.52 |    52.12 |   90.47 |   84.61 |                   
 api                |     100 |      100 |     100 |     100 |                   
  graphqlQueries.js |     100 |      100 |     100 |     100 |                   
 utils              |   66.07 |    52.12 |      90 |   83.78 |                   
  log.js            |    86.2 |    66.66 |     100 |    86.2 | 9,21,26,40        
  utils.js          |   59.03 |    47.14 |   88.23 |   82.22 | 6,23-24,27-31     
--------------------|---------|----------|---------|---------|-------------------

Snapshot Summary
 › 531 snapshot files obsolete from 531 test suites. To remove them all, run `npm run npx -- -u`.
   ↳   • repos/facebook_react/compiler/crates/react_estree/src/snapshots/forget_estree__tests__fixtures@for-statement.json.snap
       • repos/facebook_react/compiler/crates/react_estree/src/snapshots/forget_estree__tests__fixtures@import.json.snap
       • repos/facebook_react/compiler/crates/react_estree/src/snapshots/forget_estree__tests__fixtures@simple.json.snap
       • repos/facebook_react/compiler/crates/react_estree/src/snapshots/forget_estree__tests__fixtures@test.json.snap
       • repos/facebook_react/compiler/crates/react_estree/src/snapshots/react_estree__tests__fixtures@for-statement.json.snap
       • repos/facebook_react/compiler/crates/react_estree/src/snapshots/react_estree__tests__fixtures@import.json.snap
       • repos/facebook_react/compiler/crates/react_estree/src/snapshots/react_estree__tests__fixtures@simple.json.snap
       • repos/facebook_react/compiler/crates/react_estree/src/snapshots/react_estree__tests__fixtures@test.json.snap
       • repos/facebook_react/compiler/crates/react_fixtures/tests/snapshots/fixtures_test__fixtures@constant-propagation-constant-if-condition.js.snap
       • repos/facebook_react/compiler/crates/react_fixtures/tests/snapshots/fixtures_test__fixtures@destructure-array.js.snap
       • repos/facebook_react/compiler/crates/react_fixtures/tests/snapshots/fixtures_test__fixtures@constant-propagation.js.snap
       • repos/facebook_react/compiler/crates/react_fixtures/tests/snapshots/fixtures_test__fixtures@destructure-object.js.snap
       • repos/facebook_react/compiler/crates/react_fixtures/tests/snapshots/fixtures_test__fixtures@error.assign-to-global.js.snap
       • repos/facebook_react/compiler/crates/react_fixtures/tests/snapshots/fixtures_test__fixtures@for-statement.js.snap
       • repos/facebook_react/compiler/crates/react_fixtures/tests/snapshots/fixtures_test__fixtures@function-expressions.js.snap
       • repos/facebook_react/compiler/crates/react_fixtures/tests/snapshots/fixtures_test__fixtures@identifiers.js.snap
       • repos/facebook_react/compiler/crates/react_fixtures/tests/snapshots/fixtures_test__fixtures@if-statement.js.snap
       • repos/facebook_react/compiler/crates/react_fixtures/tests/snapshots/fixtures_test__fixtures@simple-function.js.snap
       • repos/facebook_react/compiler/crates/react_fixtures/tests/snapshots/fixtures_test__fixtures@simple-ssa.js.snap
       • repos/facebook_react/compiler/crates/react_fixtures/tests/snapshots/fixtures_test__fixtures@simple.js.snap
       • repos/facebook_react/compiler/crates/react_fixtures/tests/snapshots/fixtures_test__fixtures@ssa-reassign-if.js.snap
       • repos/facebook_react/compiler/crates/react_fixtures/tests/snapshots/fixtures_test__fixtures@use-memo.js.snap
       • repos/facebook_react/compiler/crates/react_semantic_analysis/tests/snapshots/analysis_test__fixtures@block-item-duplication.js.snap
       • repos/facebook_react/compiler/crates/react_semantic_analysis/tests/snapshots/analysis_test__fixtures@function-hoisting.js.snap
       • repos/facebook_react/compiler/crates/react_semantic_analysis/tests/snapshots/analysis_test__fixtures@globals-and-imports.js.snap
       • repos/facebook_react/compiler/crates/react_semantic_analysis/tests/snapshots/analysis_test__fixtures@labels.js.snap
       • repos/facebook_react/compiler/crates/react_semantic_analysis/tests/snapshots/analysis_test__fixtures@simple-function.js.snap
       • repos/facebook_react/compiler/crates/react_semantic_analysis/tests/snapshots/analysis_test__fixtures@let-const-hoisting.js.snap
       • repos/facebook_react/compiler/crates/react_semantic_analysis/tests/snapshots/analysis_test__fixtures@tdz.js.snap
       • repos/facebook_react/compiler/crates/react_semantic_analysis/tests/snapshots/analysis_test__fixtures@var-duplication.js.snap
       • repos/facebook_react/compiler/crates/react_semantic_analysis/tests/snapshots/analysis_test__fixtures@var-hoisting.js.snap
       • repos/facebook_react/compiler/crates/react_hermes_parser/tests/snapshots/parser_test__fixtures@alias-capture-in-method-receiver.js.snap
       • repos/facebook_react/compiler/crates/react_hermes_parser/tests/snapshots/parser_test__fixtures@alias-capture-in-method-receiver-and-mutate.js.snap
       • repos/facebook_react/compiler/crates/react_hermes_parser/tests/snapshots/parser_test__fixtures@alias-computed-load.js.snap
       • repos/facebook_react/compiler/crates/react_hermes_parser/tests/snapshots/parser_test__fixtures@alias-nested-member-path-mutate.js.snap
       • repos/facebook_react/compiler/crates/react_hermes_parser/tests/snapshots/parser_test__fixtures@alias-nested-member-path.js.snap
       • repos/facebook_react/compiler/crates/react_hermes_parser/tests/snapshots/parser_test__fixtures@alias-while.js.snap
       • repos/facebook_react/compiler/crates/react_hermes_parser/tests/snapshots/parser_test__fixtures@allocating-primitive-as-dep.js.snap
       • repos/facebook_react/compiler/crates/react_hermes_parser/tests/snapshots/parser_test__fixtures@allocating-primitive-as-dep-nested-scope.js.snap
       • repos/facebook_react/compiler/crates/react_hermes_parser/tests/snapshots/parser_test__fixtures@allow-passing-refs-as-props.js.snap
       • repos/facebook_react/compiler/crates/react_hermes_parser/tests/snapshots/parser_test__fixtures@array-access-assignment.js.snap
       • repos/facebook_react/compiler/crates/react_hermes_parser/tests/snapshots/parser_test__fixtures@array-at-closure.js.snap
       • repos/facebook_react/compiler/crates/react_hermes_parser/tests/snapshots/parser_test__fixtures@array-at-effect.js.snap
       • repos/facebook_react/compiler/crates/react_hermes_parser/tests/snapshots/parser_test__fixtures@array-at-mutate-after-capture.js.snap
       • repos/facebook_react/compiler/crates/react_hermes_parser/tests/snapshots/parser_test__fixtures@array-expression-spread.js.snap
       • repos/facebook_react/compiler/crates/react_hermes_parser/tests/snapshots/parser_test__fixtures@array-join.js.snap
       • repos/facebook_react/compiler/crates/react_hermes_parser/tests/snapshots/parser_test__fixtures@array-map-frozen-array.js.snap
       • repos/facebook_react/compiler/crates/react_hermes_parser/tests/snapshots/parser_test__fixtures@array-map-mutable-array-mutating-lambda.js.snap
       • repos/facebook_react/compiler/crates/react_hermes_parser/tests/snapshots/parser_test__fixtures@array-pattern-params.js.snap
       • repos/facebook_react/compiler/crates/react_hermes_parser/tests/snapshots/parser_test__fixtures@array-properties.js.snap
       • repos/facebook_react/compiler/crates/react_hermes_parser/tests/snapshots/parser_test__fixtures@array-property-call.js.snap
       • repos/facebook_react/compiler/crates/react_hermes_parser/tests/snapshots/parser_test__fixtures@arrow-function-expr-gating-test.js.snap
       • repos/facebook_react/compiler/crates/react_hermes_parser/tests/snapshots/parser_test__fixtures@array-push-effect.js.snap
       • repos/facebook_react/compiler/crates/react_hermes_parser/tests/snapshots/parser_test__fixtures@assignment-expression-computed.js.snap
       • repos/facebook_react/compiler/crates/react_hermes_parser/tests/snapshots/parser_test__fixtures@assignment-expression-nested-path.js.snap
       • repos/facebook_react/compiler/crates/react_hermes_parser/tests/snapshots/parser_test__fixtures@assignment-in-nested-if.js.snap
       • repos/facebook_react/compiler/crates/react_hermes_parser/tests/snapshots/parser_test__fixtures@assignment-variations-complex-lvalue-array.js.snap
       • repos/facebook_react/compiler/crates/react_hermes_parser/tests/snapshots/parser_test__fixtures@assignment-variations.js.snap
       • repos/facebook_react/compiler/crates/react_hermes_parser/tests/snapshots/parser_test__fixtures@assignment-variations-complex-lvalue.js.snap
       • repos/facebook_react/compiler/crates/react_hermes_parser/tests/snapshots/parser_test__fixtures@await-side-effecting-promise.js.snap
       • repos/facebook_react/compiler/crates/react_hermes_parser/tests/snapshots/parser_test__fixtures@await.js.snap
       • repos/facebook_react/compiler/crates/react_hermes_parser/tests/snapshots/parser_test__fixtures@babel-existing-react-import.js.snap
       • repos/facebook_react/compiler/crates/react_hermes_parser/tests/snapshots/parser_test__fixtures@babel-existing-react-kitchensink-import.js.snap
       • repos/facebook_react/compiler/crates/react_hermes_parser/tests/snapshots/parser_test__fixtures@bug.useMemo-deps-array-not-cleared.js.snap
       • repos/facebook_react/compiler/crates/react_hermes_parser/tests/snapshots/parser_test__fixtures@bug_object-pattern.js.snap
       • repos/facebook_react/compiler/crates/react_hermes_parser/tests/snapshots/parser_test__fixtures@builtin-jsx-tag-lowered-between-mutations.js.snap
       • repos/facebook_react/compiler/crates/react_hermes_parser/tests/snapshots/parser_test__fixtures@call-args-destructuring-assignment.js.snap
       • repos/facebook_react/compiler/crates/react_hermes_parser/tests/snapshots/parser_test__fixtures@call-args-assignment.js.snap
       • repos/facebook_react/compiler/crates/react_hermes_parser/tests/snapshots/parser_test__fixtures@call-spread.js.snap
       • repos/facebook_react/compiler/crates/react_hermes_parser/tests/snapshots/parser_test__fixtures@call-with-independently-memoizable-arg.js.snap
       • repos/facebook_react/compiler/crates/react_hermes_parser/tests/snapshots/parser_test__fixtures@call.js.snap
       • repos/facebook_react/compiler/crates/react_hermes_parser/tests/snapshots/parser_test__fixtures@capture-indirect-mutate-alias.js.snap
       • repos/facebook_react/compiler/crates/react_hermes_parser/tests/snapshots/parser_test__fixtures@capture-param-mutate.js.snap
       • repos/facebook_react/compiler/crates/react_hermes_parser/tests/snapshots/parser_test__fixtures@capture_mutate-across-fns.js.snap
       • repos/facebook_react/compiler/crates/react_hermes_parser/tests/snapshots/parser_test__fixtures@capturing-arrow-function-1.js.snap
       • repos/facebook_react/compiler/crates/react_hermes_parser/tests/snapshots/parser_test__fixtures@capturing-fun-alias-captured-mutate-2.js.snap
       • repos/facebook_react/compiler/crates/react_hermes_parser/tests/snapshots/parser_test__fixtures@capturing-fun-alias-captured-mutate-arr-2.js.snap
       • repos/facebook_react/compiler/crates/react_hermes_parser/tests/snapshots/parser_test__fixtures@capturing-func-alias-captured-mutate-arr.js.snap
       • repos/facebook_react/compiler/crates/react_hermes_parser/tests/snapshots/parser_test__fixtures@capturing-func-alias-computed-mutate.js.snap
       • repos/facebook_react/compiler/crates/react_hermes_parser/tests/snapshots/parser_test__fixtures@capturing-func-alias-mutate.js.snap
       • repos/facebook_react/compiler/crates/react_hermes_parser/tests/snapshots/parser_test__fixtures@capturing-func-alias-captured-mutate.js.snap
       • repos/facebook_react/compiler/crates/react_hermes_parser/tests/snapshots/parser_test__fixtures@capturing-func-alias-receiver-computed-mutate.js.snap
       • repos/facebook_react/compiler/crates/react_hermes_parser/tests/snapshots/parser_test__fixtures@capturing-func-alias-receiver-mutate.js.snap
       • repos/facebook_react/compiler/crates/react_hermes_parser/tests/snapshots/parser_test__fixtures@capturing-func-mutate-2.js.snap
       • repos/facebook_react/compiler/crates/react_hermes_parser/tests/snapshots/parser_test__fixtures@capturing-func-mutate-3.js.snap
       • repos/facebook_react/compiler/crates/react_hermes_parser/tests/snapshots/parser_test__fixtures@capturing-func-mutate-nested.js.snap
       • repos/facebook_react/compiler/crates/react_hermes_parser/tests/snapshots/parser_test__fixtures@capturing-func-mutate.js.snap
       • repos/facebook_react/compiler/crates/react_hermes_parser/tests/snapshots/parser_test__fixtures@capturing-func-simple-alias.js.snap
       • repos/facebook_react/compiler/crates/react_hermes_parser/tests/snapshots/parser_test__fixtures@capturing-function-1.js.snap
       • repos/facebook_react/compiler/crates/react_hermes_parser/tests/snapshots/parser_test__fixtures@capturing-function-alias-computed-load-2.js.snap
       • repos/facebook_react/compiler/crates/react_hermes_parser/tests/snapshots/parser_test__fixtures@capturing-function-alias-computed-load-3.js.snap
       • repos/facebook_react/compiler/crates/react_hermes_parser/tests/snapshots/parser_test__fixtures@capturing-function-alias-computed-load-4.js.snap
       • repos/facebook_react/compiler/crates/react_hermes_parser/tests/snapshots/parser_test__fixtures@capturing-function-alias-computed-load.js.snap
       • repos/facebook_react/compiler/crates/react_hermes_parser/tests/snapshots/parser_test__fixtures@capturing-function-capture-ref-before-rename.js.snap
       • repos/facebook_react/compiler/crates/react_hermes_parser/tests/snapshots/parser_test__fixtures@capturing-function-conditional-capture-mutate.js.snap
       • repos/facebook_react/compiler/crates/react_hermes_parser/tests/snapshots/parser_test__fixtures@capturing-function-decl.js.snap
       • repos/facebook_react/compiler/crates/react_hermes_parser/tests/snapshots/parser_test__fixtures@capturing-function-member-expr-arguments.js.snap
       • repos/facebook_react/compiler/crates/react_hermes_parser/tests/snapshots/parser_test__fixtures@capturing-function-runs-inference.js.snap
       • repos/facebook_react/compiler/crates/react_hermes_parser/tests/snapshots/parser_test__fixtures@capturing-function-renamed-ref.js.snap
       • repos/facebook_react/compiler/crates/react_hermes_parser/tests/snapshots/parser_test__fixtures@capturing-function-member-expr-call.js.snap
       • repos/facebook_react/compiler/crates/react_hermes_parser/tests/snapshots/parser_test__fixtures@capturing-function-shadow-captured.js.snap
       • repos/facebook_react/compiler/crates/react_hermes_parser/tests/snapshots/parser_test__fixtures@capturing-function-skip-computed-path.js.snap
       • repos/facebook_react/compiler/crates/react_hermes_parser/tests/snapshots/parser_test__fixtures@capturing-function-within-block.js.snap
       • repos/facebook_react/compiler/crates/react_hermes_parser/tests/snapshots/parser_test__fixtures@capturing-member-expr.js.snap
       • repos/facebook_react/compiler/crates/react_hermes_parser/tests/snapshots/parser_test__fixtures@capturing-nested-member-call.js.snap
       • repos/facebook_react/compiler/crates/react_hermes_parser/tests/snapshots/parser_test__fixtures@capturing-nested-member-expr-in-nested-func.js.snap
       • repos/facebook_react/compiler/crates/react_hermes_parser/tests/snapshots/parser_test__fixtures@capturing-nested-member-expr.js.snap
       • repos/facebook_react/compiler/crates/react_hermes_parser/tests/snapshots/parser_test__fixtures@capturing-reference-changes-type.js.snap
       • repos/facebook_react/compiler/crates/react_hermes_parser/tests/snapshots/parser_test__fixtures@capturing-variable-in-nested-block.js.snap
       • repos/facebook_react/compiler/crates/react_hermes_parser/tests/snapshots/parser_test__fixtures@capturing-variable-in-nested-function.js.snap
       • repos/facebook_react/compiler/crates/react_hermes_parser/tests/snapshots/parser_test__fixtures@chained-assignment-context-variable.js.snap
       • repos/facebook_react/compiler/crates/react_hermes_parser/tests/snapshots/parser_test__fixtures@chained-assignment-expressions.js.snap
       • repos/facebook_react/compiler/crates/react_hermes_parser/tests/snapshots/parser_test__fixtures@codegen-emit-imports-same-source.js.snap
       • repos/facebook_react/compiler/crates/react_hermes_parser/tests/snapshots/parser_test__fixtures@codegen-emit-make-read-only.js.snap
       • repos/facebook_react/compiler/crates/react_hermes_parser/tests/snapshots/parser_test__fixtures@codegen-instrument-forget-gating-test.js.snap
       • repos/facebook_react/compiler/crates/react_hermes_parser/tests/snapshots/parser_test__fixtures@codegen-instrument-forget-test.js.snap
       • repos/facebook_react/compiler/crates/react_hermes_parser/tests/snapshots/parser_test__fixtures@complex-while.js.snap
       • repos/facebook_react/compiler/crates/react_hermes_parser/tests/snapshots/parser_test__fixtures@component.js.snap
       • repos/facebook_react/compiler/crates/react_hermes_parser/tests/snapshots/parser_test__fixtures@computed-call-evaluation-order.js.snap
       • repos/facebook_react/compiler/crates/react_hermes_parser/tests/snapshots/parser_test__fixtures@computed-call-spread.js.snap
       • repos/facebook_react/compiler/crates/react_hermes_parser/tests/snapshots/parser_test__fixtures@computed-store-alias.js.snap
       • repos/facebook_react/compiler/crates/react_hermes_parser/tests/snapshots/parser_test__fixtures@computed-load-primitive-as-dependency.js.snap
       • repos/facebook_react/compiler/crates/react_hermes_parser/tests/snapshots/parser_test__fixtures@concise-arrow-expr.js.snap
       • repos/facebook_react/compiler/crates/react_hermes_parser/tests/snapshots/parser_test__fixtures@cond-deps-conditional-member-expr.js.snap
       • repos/facebook_react/compiler/crates/react_hermes_parser/tests/snapshots/parser_test__fixtures@conditional-break.js.snap
       • repos/facebook_react/compiler/crates/react_hermes_parser/tests/snapshots/parser_test__fixtures@conditional-break-labeled.js.snap
       • repos/facebook_react/compiler/crates/react_hermes_parser/tests/snapshots/parser_test__fixtures@conditional-on-mutable.js.snap
       • repos/facebook_react/compiler/crates/react_hermes_parser/tests/snapshots/parser_test__fixtures@conditional-set-state-in-render.js.snap
       • repos/facebook_react/compiler/crates/react_hermes_parser/tests/snapshots/parser_test__fixtures@console-readonly.js.snap
       • repos/facebook_react/compiler/crates/react_hermes_parser/tests/snapshots/parser_test__fixtures@const-propagation-into-function-expression-global.js.snap
       • repos/facebook_react/compiler/crates/react_hermes_parser/tests/snapshots/parser_test__fixtures@const-propagation-into-function-expression-primitive.js.snap
       • repos/facebook_react/compiler/crates/react_hermes_parser/tests/snapshots/parser_test__fixtures@constant-computed.js.snap
       • repos/facebook_react/compiler/crates/react_hermes_parser/tests/snapshots/parser_test__fixtures@constant-propagation-for.js.snap
       • repos/facebook_react/compiler/crates/react_hermes_parser/tests/snapshots/parser_test__fixtures@constant-propagation-into-function-expressions.js.snap
       • repos/facebook_react/compiler/crates/react_hermes_parser/tests/snapshots/parser_test__fixtures@constant-propagation-phi.js.snap
       • repos/facebook_react/compiler/crates/react_hermes_parser/tests/snapshots/parser_test__fixtures@constant-propagation-while.js.snap
       • repos/facebook_react/compiler/crates/react_hermes_parser/tests/snapshots/parser_test__fixtures@constant-propagation.js.snap
       • repos/facebook_react/compiler/crates/react_hermes_parser/tests/snapshots/parser_test__fixtures@constructor.js.snap
       • repos/facebook_react/compiler/crates/react_hermes_parser/tests/snapshots/parser_test__fixtures@context-variable-reassigned-outside-of-lambda.js.snap
       • repos/facebook_react/compiler/crates/react_hermes_parser/tests/snapshots/parser_test__fixtures@controlled-input.js.snap
       • repos/facebook_react/compiler/crates/react_hermes_parser/tests/snapshots/parser_test__fixtures@dce-loop.js.snap
       • repos/facebook_react/compiler/crates/react_hermes_parser/tests/snapshots/parser_test__fixtures@debugger.js.snap
       • repos/facebook_react/compiler/crates/react_hermes_parser/tests/snapshots/parser_test__fixtures@debugger-memoized.js.snap
       • repos/facebook_react/compiler/crates/react_hermes_parser/tests/snapshots/parser_test__fixtures@declare-reassign-variable-in-closure.js.snap
       • repos/facebook_react/compiler/crates/react_hermes_parser/tests/snapshots/parser_test__fixtures@declare-reassign-variable-in-function-declaration.js.snap
       • repos/facebook_react/compiler/crates/react_hermes_parser/tests/snapshots/parser_test__fixtures@delete-computed-property.js.snap
       • repos/facebook_react/compiler/crates/react_hermes_parser/tests/snapshots/parser_test__fixtures@delete-property.js.snap
       • repos/facebook_react/compiler/crates/react_hermes_parser/tests/snapshots/parser_test__fixtures@dependencies-outputs.js.snap
       • repos/facebook_react/compiler/crates/react_hermes_parser/tests/snapshots/parser_test__fixtures@dependencies.js.snap
       • repos/facebook_react/compiler/crates/react_hermes_parser/tests/snapshots/parser_test__fixtures@destructure-capture-global.js.snap
       • repos/facebook_react/compiler/crates/react_hermes_parser/tests/snapshots/parser_test__fixtures@destructure-direct-reassignment.js.snap
       • repos/facebook_react/compiler/crates/react_hermes_parser/tests/snapshots/parser_test__fixtures@destructuring-array-default.js.snap
       • repos/facebook_react/compiler/crates/react_hermes_parser/tests/snapshots/parser_test__fixtures@destructuring-assignment-array-default.js.snap
       • repos/facebook_react/compiler/crates/react_hermes_parser/tests/snapshots/parser_test__fixtures@destructuring-array-param-default.js.snap
       • repos/facebook_react/compiler/crates/react_hermes_parser/tests/snapshots/parser_test__fixtures@destructuring-assignment.js.snap
       • repos/facebook_react/compiler/crates/react_hermes_parser/tests/snapshots/parser_test__fixtures@destructuring-mixed-scope-declarations-and-locals.js.snap
       • repos/facebook_react/compiler/crates/react_hermes_parser/tests/snapshots/parser_test__fixtures@destructuring-object-default.js.snap
       • repos/facebook_react/compiler/crates/react_hermes_parser/tests/snapshots/parser_test__fixtures@destructuring-mixed-scope-and-local-variables-with-default.js.snap
       • repos/facebook_react/compiler/crates/react_hermes_parser/tests/snapshots/parser_test__fixtures@destructuring-object-param-default.js.snap
       • repos/facebook_react/compiler/crates/react_hermes_parser/tests/snapshots/parser_test__fixtures@destructuring-property-inference.js.snap
       • repos/facebook_react/compiler/crates/react_hermes_parser/tests/snapshots/parser_test__fixtures@destructuring.js.snap
       • repos/facebook_react/compiler/crates/react_hermes_parser/tests/snapshots/parser_test__fixtures@disable-jsx-memoization.js.snap
       • repos/facebook_react/compiler/crates/react_hermes_parser/tests/snapshots/parser_test__fixtures@do-while-break.js.snap
       • repos/facebook_react/compiler/crates/react_hermes_parser/tests/snapshots/parser_test__fixtures@do-while-compound-test.js.snap
       • repos/facebook_react/compiler/crates/react_hermes_parser/tests/snapshots/parser_test__fixtures@do-while-conditional-break.js.snap
       • repos/facebook_react/compiler/crates/react_hermes_parser/tests/snapshots/parser_test__fixtures@do-while-continue.js.snap
       • repos/facebook_react/compiler/crates/react_hermes_parser/tests/snapshots/parser_test__fixtures@do-while-early-unconditional-break.js.snap
       • repos/facebook_react/compiler/crates/react_hermes_parser/tests/snapshots/parser_test__fixtures@do-while-simple.js.snap
       • repos/facebook_react/compiler/crates/react_hermes_parser/tests/snapshots/parser_test__fixtures@dominator.js.snap
       • repos/facebook_react/compiler/crates/react_hermes_parser/tests/snapshots/parser_test__fixtures@early-return.js.snap
       • repos/facebook_react/compiler/crates/react_hermes_parser/tests/snapshots/parser_test__fixtures@error._todo.computed-lval-in-destructure.js.snap
       • repos/facebook_react/compiler/crates/react_hermes_parser/tests/snapshots/parser_test__fixtures@error._todo.multi-arrow-expr-export-default-gating-test.js.snap
       • repos/facebook_react/compiler/crates/react_hermes_parser/tests/snapshots/parser_test__fixtures@error.babel-existing-react-namespace-import.js.snap
       • repos/facebook_react/compiler/crates/react_hermes_parser/tests/snapshots/parser_test__fixtures@error.bug-validate-no-set-state-not-all-mutable-range-extensions-are-bad.js.snap
       • repos/facebook_react/compiler/crates/react_hermes_parser/tests/snapshots/parser_test__fixtures@error.call-args-destructuring-asignment-complex.js.snap
       • repos/facebook_react/compiler/crates/react_hermes_parser/tests/snapshots/parser_test__fixtures@error.codegen-error-on-conflicting-imports.js.snap
       • repos/facebook_react/compiler/crates/react_hermes_parser/tests/snapshots/parser_test__fixtures@error.hoisted-function-declaration.js.snap
       • repos/facebook_react/compiler/crates/react_hermes_parser/tests/snapshots/parser_test__fixtures@error.hooks-with-React-namespace.js.snap
       • repos/facebook_react/compiler/crates/react_hermes_parser/tests/snapshots/parser_test__fixtures@error.invalid-access-ref-during-render.js.snap
       • repos/facebook_react/compiler/crates/react_hermes_parser/tests/snapshots/parser_test__fixtures@error.invalid-array-push-frozen.js.snap
       • repos/facebook_react/compiler/crates/react_hermes_parser/tests/snapshots/parser_test__fixtures@error.invalid-assign-hook-to-local.js.snap
       • repos/facebook_react/compiler/crates/react_hermes_parser/tests/snapshots/parser_test__fixtures@error.invalid-capture-func-passed-to-jsx.js.snap
       • repos/facebook_react/compiler/crates/react_hermes_parser/tests/snapshots/parser_test__fixtures@error.invalid-computed-store-to-frozen-value.js.snap
       • repos/facebook_react/compiler/crates/react_hermes_parser/tests/snapshots/parser_test__fixtures@error.invalid-delete-computed-property-of-frozen-value.js.snap
       • repos/facebook_react/compiler/crates/react_hermes_parser/tests/snapshots/parser_test__fixtures@error.invalid-delete-property-of-frozen-value.js.snap
       • repos/facebook_react/compiler/crates/react_hermes_parser/tests/snapshots/parser_test__fixtures@error.invalid-destructure-assignment-to-global.js.snap
       • repos/facebook_react/compiler/crates/react_hermes_parser/tests/snapshots/parser_test__fixtures@error.invalid-destructure-to-local-global-variables.js.snap
       • repos/facebook_react/compiler/crates/react_hermes_parser/tests/snapshots/parser_test__fixtures@error.invalid-freeze-conditionally-mutable-lambda.js.snap
       • repos/facebook_react/compiler/crates/react_hermes_parser/tests/snapshots/parser_test__fixtures@error.invalid-freeze-mutable-lambda-mutate-local.js.snap
       • repos/facebook_react/compiler/crates/react_hermes_parser/tests/snapshots/parser_test__fixtures@error.invalid-freeze-mutable-lambda-reassign-local.js.snap
       • repos/facebook_react/compiler/crates/react_hermes_parser/tests/snapshots/parser_test__fixtures@error.invalid-function-expression-mutates-immutable-value.js.snap
       • repos/facebook_react/compiler/crates/react_hermes_parser/tests/snapshots/parser_test__fixtures@error.invalid-mutate-after-aliased-freeze.js.snap
       • repos/facebook_react/compiler/crates/react_hermes_parser/tests/snapshots/parser_test__fixtures@error.invalid-mutate-after-freeze.js.snap
       • repos/facebook_react/compiler/crates/react_hermes_parser/tests/snapshots/parser_test__fixtures@error.invalid-pass-hook-as-call-arg.js.snap
       • repos/facebook_react/compiler/crates/react_hermes_parser/tests/snapshots/parser_test__fixtures@error.invalid-pass-ref-to-function.js.snap
       • repos/facebook_react/compiler/crates/react_hermes_parser/tests/snapshots/parser_test__fixtures@error.invalid-pass-hook-as-prop.js.snap
       • repos/facebook_react/compiler/crates/react_hermes_parser/tests/snapshots/parser_test__fixtures@error.invalid-property-store-to-frozen-value.js.snap
       • repos/facebook_react/compiler/crates/react_hermes_parser/tests/snapshots/parser_test__fixtures@error.invalid-ref-in-callback-invoked-during-render.js.snap
       • repos/facebook_react/compiler/crates/react_hermes_parser/tests/snapshots/parser_test__fixtures@error.invalid-set-and-read-ref-during-render.js.snap
       • repos/facebook_react/compiler/crates/react_hermes_parser/tests/snapshots/parser_test__fixtures@error.invalid-ref-value-as-props.js.snap
       • repos/facebook_react/compiler/crates/react_hermes_parser/tests/snapshots/parser_test__fixtures@error.invalid-sketchy-code-use-forget.js.snap
       • repos/facebook_react/compiler/crates/react_hermes_parser/tests/snapshots/parser_test__fixtures@error.invalid-ternary-with-hook-values.js.snap
       • repos/facebook_react/compiler/crates/react_hermes_parser/tests/snapshots/parser_test__fixtures@error.invalid-use-ref-added-to-dep-without-type-info.js.snap
       • repos/facebook_react/compiler/crates/react_hermes_parser/tests/snapshots/parser_test__fixtures@error.invalid-unconditional-set-state-in-render.js.snap
       • repos/facebook_react/compiler/crates/react_hermes_parser/tests/snapshots/parser_test__fixtures@error.invalid-useMemo-async-callback.js.snap
       • repos/facebook_react/compiler/crates/react_hermes_parser/tests/snapshots/parser_test__fixtures@error.invalid-useMemo-callback-args.js.snap
       • repos/facebook_react/compiler/crates/react_hermes_parser/tests/snapshots/parser_test__fixtures@error.mutate-captured-arg-separately.js.snap
       • repos/facebook_react/compiler/crates/react_hermes_parser/tests/snapshots/parser_test__fixtures@error.mutate-global-increment-op-invalid-react.js.snap
       • repos/facebook_react/compiler/crates/react_hermes_parser/tests/snapshots/parser_test__fixtures@error.reassignment-to-global.js.snap
       • repos/facebook_react/compiler/crates/react_hermes_parser/tests/snapshots/parser_test__fixtures@error.todo-kitchensink.js.snap
       • repos/facebook_react/compiler/crates/react_hermes_parser/tests/snapshots/parser_test__fixtures@error.todo.destructure-assignment-to-context-var.js.snap
       • repos/facebook_react/compiler/crates/react_hermes_parser/tests/snapshots/parser_test__fixtures@error.todo-unconditional-set-state-lambda.js.snap
       • repos/facebook_react/compiler/crates/react_hermes_parser/tests/snapshots/parser_test__fixtures@error.useMemo-callback-generator.js.snap
       • repos/facebook_react/compiler/crates/react_hermes_parser/tests/snapshots/parser_test__fixtures@error.while-with-assignment-in-test.js.snap
       • repos/facebook_react/compiler/crates/react_hermes_parser/tests/snapshots/parser_test__fixtures@escape-analysis-destructured-rest-element.js.snap
       • repos/facebook_react/compiler/crates/react_hermes_parser/tests/snapshots/parser_test__fixtures@escape-analysis-jsx-child.js.snap
       • repos/facebook_react/compiler/crates/react_hermes_parser/tests/snapshots/parser_test__fixtures@escape-analysis-logical.js.snap
       • repos/facebook_react/compiler/crates/react_hermes_parser/tests/snapshots/parser_test__fixtures@escape-analysis-non-escaping-interleaved-allocating-dependency.js.snap
       • repos/facebook_react/compiler/crates/react_hermes_parser/tests/snapshots/parser_test__fixtures@escape-analysis-non-escaping-interleaved-allocating-nested-dependency.js.snap
       • repos/facebook_react/compiler/crates/react_hermes_parser/tests/snapshots/parser_test__fixtures@escape-analysis-non-escaping-interleaved-primitive-dependency.js.snap
       • repos/facebook_react/compiler/crates/react_hermes_parser/tests/snapshots/parser_test__fixtures@escape-analysis-not-if-test.js.snap
       • repos/facebook_react/compiler/crates/react_hermes_parser/tests/snapshots/parser_test__fixtures@escape-analysis-not-switch-case.js.snap
       • repos/facebook_react/compiler/crates/react_hermes_parser/tests/snapshots/parser_test__fixtures@escape-analysis-not-conditional-test.js.snap
       • repos/facebook_react/compiler/crates/react_hermes_parser/tests/snapshots/parser_test__fixtures@expression-with-assignment-dynamic.js.snap
       • repos/facebook_react/compiler/crates/react_hermes_parser/tests/snapshots/parser_test__fixtures@escape-analysis-not-switch-test.js.snap
       • repos/facebook_react/compiler/crates/react_hermes_parser/tests/snapshots/parser_test__fixtures@expression-with-assignment.js.snap
       • repos/facebook_react/compiler/crates/react_hermes_parser/tests/snapshots/parser_test__fixtures@extend-scopes-if.js.snap
       • repos/facebook_react/compiler/crates/react_hermes_parser/tests/snapshots/parser_test__fixtures@fbt-call-complex-param-value.js.snap
       • repos/facebook_react/compiler/crates/react_hermes_parser/tests/snapshots/parser_test__fixtures@fbt-call.js.snap
       • repos/facebook_react/compiler/crates/react_hermes_parser/tests/snapshots/parser_test__fixtures@fbt-params.js.snap
       • repos/facebook_react/compiler/crates/react_hermes_parser/tests/snapshots/parser_test__fixtures@fbt-params-complex-param-value.js.snap
       • repos/facebook_react/compiler/crates/react_hermes_parser/tests/snapshots/parser_test__fixtures@fbt-template-string-same-scope.js.snap
       • repos/facebook_react/compiler/crates/react_hermes_parser/tests/snapshots/parser_test__fixtures@for-empty-update-with-continue.js.snap
       • repos/facebook_react/compiler/crates/react_hermes_parser/tests/snapshots/parser_test__fixtures@for-empty-update.js.snap
       • repos/facebook_react/compiler/crates/react_hermes_parser/tests/snapshots/parser_test__fixtures@for-logical.js.snap
       • repos/facebook_react/compiler/crates/react_hermes_parser/tests/snapshots/parser_test__fixtures@for-of-break.js.snap
       • repos/facebook_react/compiler/crates/react_hermes_parser/tests/snapshots/parser_test__fixtures@for-of-conditional-break.js.snap
       • repos/facebook_react/compiler/crates/react_hermes_parser/tests/snapshots/parser_test__fixtures@for-of-continue.js.snap
       • repos/facebook_react/compiler/crates/react_hermes_parser/tests/snapshots/parser_test__fixtures@for-of-destructure.js.snap
       • repos/facebook_react/compiler/crates/react_hermes_parser/tests/snapshots/parser_test__fixtures@for-of-mutate.js.snap
       • repos/facebook_react/compiler/crates/react_hermes_parser/tests/snapshots/parser_test__fixtures@for-of-simple.js.snap
       • repos/facebook_react/compiler/crates/react_hermes_parser/tests/snapshots/parser_test__fixtures@for-return.js.snap
       • repos/facebook_react/compiler/crates/react_hermes_parser/tests/snapshots/parser_test__fixtures@frozen-after-alias.js.snap
       • repos/facebook_react/compiler/crates/react_hermes_parser/tests/snapshots/parser_test__fixtures@function-declaration-redeclare.js.snap
       • repos/facebook_react/compiler/crates/react_hermes_parser/tests/snapshots/parser_test__fixtures@function-declaration-reassign.js.snap
       • repos/facebook_react/compiler/crates/react_hermes_parser/tests/snapshots/parser_test__fixtures@function-declaration-simple.js.snap
       • repos/facebook_react/compiler/crates/react_hermes_parser/tests/snapshots/parser_test__fixtures@function-expression-captures-value-later-frozen-jsx.js.snap
       • repos/facebook_react/compiler/crates/react_hermes_parser/tests/snapshots/parser_test__fixtures@function-expression-maybe-mutates-hook-return-value.js.snap
       • repos/facebook_react/compiler/crates/react_hermes_parser/tests/snapshots/parser_test__fixtures@function-expression-with-store-to-parameter.js.snap
       • repos/facebook_react/compiler/crates/react_hermes_parser/tests/snapshots/parser_test__fixtures@function-param-assignment-pattern.js.snap
       • repos/facebook_react/compiler/crates/react_hermes_parser/tests/snapshots/parser_test__fixtures@gating-test-export-default-function.js.snap
       • repos/facebook_react/compiler/crates/react_hermes_parser/tests/snapshots/parser_test__fixtures@gating-test-export-function-and-default.js.snap
       • repos/facebook_react/compiler/crates/react_hermes_parser/tests/snapshots/parser_test__fixtures@gating-test-export-function.js.snap
       • repos/facebook_react/compiler/crates/react_hermes_parser/tests/snapshots/parser_test__fixtures@gating-test.js.snap
       • repos/facebook_react/compiler/crates/react_hermes_parser/tests/snapshots/parser_test__fixtures@global-jsx-tag-lowered-between-mutations.js.snap
       • repos/facebook_react/compiler/crates/react_hermes_parser/tests/snapshots/parser_test__fixtures@globals-Boolean.js.snap
       • repos/facebook_react/compiler/crates/react_hermes_parser/tests/snapshots/parser_test__fixtures@globals-Number.js.snap
       • repos/facebook_react/compiler/crates/react_hermes_parser/tests/snapshots/parser_test__fixtures@globals-String.js.snap
       • repos/facebook_react/compiler/crates/react_hermes_parser/tests/snapshots/parser_test__fixtures@holey-array-expr.js.snap
       • repos/facebook_react/compiler/crates/react_hermes_parser/tests/snapshots/parser_test__fixtures@holey-array-pattern-dce-2.js.snap
       • repos/facebook_react/compiler/crates/react_hermes_parser/tests/snapshots/parser_test__fixtures@holey-array-pattern-dce.js.snap
       • repos/facebook_react/compiler/crates/react_hermes_parser/tests/snapshots/parser_test__fixtures@holey-array.js.snap
       • repos/facebook_react/compiler/crates/react_hermes_parser/tests/snapshots/parser_test__fixtures@hook-call.js.snap
       • repos/facebook_react/compiler/crates/react_hermes_parser/tests/snapshots/parser_test__fixtures@hook-inside-logical-expression.js.snap
       • repos/facebook_react/compiler/crates/react_hermes_parser/tests/snapshots/parser_test__fixtures@hooks-freeze-arguments.js.snap
       • repos/facebook_react/compiler/crates/react_hermes_parser/tests/snapshots/parser_test__fixtures@hooks-freeze-possibly-mutable-arguments.js.snap
       • repos/facebook_react/compiler/crates/react_hermes_parser/tests/snapshots/parser_test__fixtures@immutable-hooks.js.snap
       • repos/facebook_react/compiler/crates/react_hermes_parser/tests/snapshots/parser_test__fixtures@inadvertent-mutability-readonly-lambda.js.snap
       • repos/facebook_react/compiler/crates/react_hermes_parser/tests/snapshots/parser_test__fixtures@inadvertent-mutability-readonly-class.js.snap
       • repos/facebook_react/compiler/crates/react_hermes_parser/tests/snapshots/parser_test__fixtures@independent-across-if.js.snap
       • repos/facebook_react/compiler/crates/react_hermes_parser/tests/snapshots/parser_test__fixtures@independent.js.snap
       • repos/facebook_react/compiler/crates/react_hermes_parser/tests/snapshots/parser_test__fixtures@independently-memoize-object-property.js.snap
       • repos/facebook_react/compiler/crates/react_hermes_parser/tests/snapshots/parser_test__fixtures@infer-computed-delete.js.snap
       • repos/facebook_react/compiler/crates/react_hermes_parser/tests/snapshots/parser_test__fixtures@infer-global-object.js.snap
       • repos/facebook_react/compiler/crates/react_hermes_parser/tests/snapshots/parser_test__fixtures@infer-phi-primitive.js.snap
       • repos/facebook_react/compiler/crates/react_hermes_parser/tests/snapshots/parser_test__fixtures@infer-property-delete.js.snap
       • repos/facebook_react/compiler/crates/react_hermes_parser/tests/snapshots/parser_test__fixtures@infer-types-through-type-cast.flow.js.snap
       • repos/facebook_react/compiler/crates/react_hermes_parser/tests/snapshots/parser_test__fixtures@inner-memo-value-not-promoted-to-outer-scope-dynamic.js.snap
       • repos/facebook_react/compiler/crates/react_hermes_parser/tests/snapshots/parser_test__fixtures@inner-memo-value-not-promoted-to-outer-scope-static.js.snap
       • repos/facebook_react/compiler/crates/react_hermes_parser/tests/snapshots/parser_test__fixtures@interdependent-across-if.js.snap
       • repos/facebook_react/compiler/crates/react_hermes_parser/tests/snapshots/parser_test__fixtures@interdependent.js.snap
       • repos/facebook_react/compiler/crates/react_hermes_parser/tests/snapshots/parser_test__fixtures@inverted-if-else.js.snap
       • repos/facebook_react/compiler/crates/react_hermes_parser/tests/snapshots/parser_test__fixtures@inverted-if.js.snap
       • repos/facebook_react/compiler/crates/react_hermes_parser/tests/snapshots/parser_test__fixtures@issue852.js.snap
       • repos/facebook_react/compiler/crates/react_hermes_parser/tests/snapshots/parser_test__fixtures@jsx-empty-expression.js.snap
       • repos/facebook_react/compiler/crates/react_hermes_parser/tests/snapshots/parser_test__fixtures@issue933-disjoint-set-infinite-loop.js.snap
       • repos/facebook_react/compiler/crates/react_hermes_parser/tests/snapshots/parser_test__fixtures@jsx-member-expression-tag-grouping.js.snap
       • repos/facebook_react/compiler/crates/react_hermes_parser/tests/snapshots/parser_test__fixtures@jsx-fragment.js.snap
       • repos/facebook_react/compiler/crates/react_hermes_parser/tests/snapshots/parser_test__fixtures@jsx-member-expression.js.snap
       • repos/facebook_react/compiler/crates/react_hermes_parser/tests/snapshots/parser_test__fixtures@jsx-namespaced-name.js.snap
       • repos/facebook_react/compiler/crates/react_hermes_parser/tests/snapshots/parser_test__fixtures@jsx-spread.js.snap
       • repos/facebook_react/compiler/crates/react_hermes_parser/tests/snapshots/parser_test__fixtures@lambda-capture-returned-alias.js.snap
       • repos/facebook_react/compiler/crates/react_hermes_parser/tests/snapshots/parser_test__fixtures@jsx-tag-evaluation-order-non-global.js.snap
       • repos/facebook_react/compiler/crates/react_hermes_parser/tests/snapshots/parser_test__fixtures@jsx-tag-evaluation-order.js.snap
       • repos/facebook_react/compiler/crates/react_hermes_parser/tests/snapshots/parser_test__fixtures@lambda-mutate-shadowed-object.js.snap
       • repos/facebook_react/compiler/crates/react_hermes_parser/tests/snapshots/parser_test__fixtures@lambda-mutated-non-reactive-to-reactive.js.snap
       • repos/facebook_react/compiler/crates/react_hermes_parser/tests/snapshots/parser_test__fixtures@lambda-mutated-ref-non-reactive.js.snap
       • repos/facebook_react/compiler/crates/react_hermes_parser/tests/snapshots/parser_test__fixtures@lambda-reassign-primitive.js.snap
       • repos/facebook_react/compiler/crates/react_hermes_parser/tests/snapshots/parser_test__fixtures@lambda-reassign-shadowed-primitive.js.snap
       • repos/facebook_react/compiler/crates/react_hermes_parser/tests/snapshots/parser_test__fixtures@lambda-with-fbt.js.snap
       • repos/facebook_react/compiler/crates/react_hermes_parser/tests/snapshots/parser_test__fixtures@logical-expression-object.js.snap
       • repos/facebook_react/compiler/crates/react_hermes_parser/tests/snapshots/parser_test__fixtures@logical-expression.js.snap
       • repos/facebook_react/compiler/crates/react_hermes_parser/tests/snapshots/parser_test__fixtures@method-call-computed.js.snap
       • repos/facebook_react/compiler/crates/react_hermes_parser/tests/snapshots/parser_test__fixtures@method-call-fn-call.js.snap
       • repos/facebook_react/compiler/crates/react_hermes_parser/tests/snapshots/parser_test__fixtures@multi-arrow-expr-export-gating-test.js.snap
       • repos/facebook_react/compiler/crates/react_hermes_parser/tests/snapshots/parser_test__fixtures@method-call.js.snap
       • repos/facebook_react/compiler/crates/react_hermes_parser/tests/snapshots/parser_test__fixtures@multi-arrow-expr-gating-test.js.snap
       • repos/facebook_react/compiler/crates/react_hermes_parser/tests/snapshots/parser_test__fixtures@mutable-lifetime-loops.js.snap
       • repos/facebook_react/compiler/crates/react_hermes_parser/tests/snapshots/parser_test__fixtures@mutable-lifetime-with-aliasing.js.snap
       • repos/facebook_react/compiler/crates/react_hermes_parser/tests/snapshots/parser_test__fixtures@mutable-liverange-loop.js.snap
       • repos/facebook_react/compiler/crates/react_hermes_parser/tests/snapshots/parser_test__fixtures@nested-function-shadowed-identifiers.js.snap
       • repos/facebook_react/compiler/crates/react_hermes_parser/tests/snapshots/parser_test__fixtures@nested-optional-member-expr.js.snap
       • repos/facebook_react/compiler/crates/react_hermes_parser/tests/snapshots/parser_test__fixtures@nested-scopes-hook-call.js.snap
       • repos/facebook_react/compiler/crates/react_hermes_parser/tests/snapshots/parser_test__fixtures@nonoptional-load-from-optional-memberexpr.js.snap
       • repos/facebook_react/compiler/crates/react_hermes_parser/tests/snapshots/parser_test__fixtures@new-spread.js.snap
       • repos/facebook_react/compiler/crates/react_hermes_parser/tests/snapshots/parser_test__fixtures@obj-literal-mutated-after-if-else.js.snap
       • repos/facebook_react/compiler/crates/react_hermes_parser/tests/snapshots/parser_test__fixtures@obj-literal-cached-in-if-else.js.snap
       • repos/facebook_react/compiler/crates/react_hermes_parser/tests/snapshots/parser_test__fixtures@obj-mutated-after-if-else-with-alias.js.snap
       • repos/facebook_react/compiler/crates/react_hermes_parser/tests/snapshots/parser_test__fixtures@obj-mutated-after-if-else.js.snap
       • repos/facebook_react/compiler/crates/react_hermes_parser/tests/snapshots/parser_test__fixtures@obj-mutated-after-nested-if-else-with-alias.js.snap
       • repos/facebook_react/compiler/crates/react_hermes_parser/tests/snapshots/parser_test__fixtures@object-computed-access-assignment.js.snap
       • repos/facebook_react/compiler/crates/react_hermes_parser/tests/snapshots/parser_test__fixtures@object-expression-string-literal-key.js.snap
       • repos/facebook_react/compiler/crates/react_hermes_parser/tests/snapshots/parser_test__fixtures@object-literal-spread-element.js.snap
       • repos/facebook_react/compiler/crates/react_hermes_parser/tests/snapshots/parser_test__fixtures@object-pattern-params.js.snap
       • repos/facebook_react/compiler/crates/react_hermes_parser/tests/snapshots/parser_test__fixtures@object-properties.js.snap
       • repos/facebook_react/compiler/crates/react_hermes_parser/tests/snapshots/parser_test__fixtures@optional-call-chained.js.snap
       • repos/facebook_react/compiler/crates/react_hermes_parser/tests/snapshots/parser_test__fixtures@optional-call-logical.js.snap
       • repos/facebook_react/compiler/crates/react_hermes_parser/tests/snapshots/parser_test__fixtures@optional-call-simple.js.snap
       • repos/facebook_react/compiler/crates/react_hermes_parser/tests/snapshots/parser_test__fixtures@optional-call-with-independently-memoizable-arg.js.snap
       • repos/facebook_react/compiler/crates/react_hermes_parser/tests/snapshots/parser_test__fixtures@optional-call-with-optional-property-load.js.snap
       • repos/facebook_react/compiler/crates/react_hermes_parser/tests/snapshots/parser_test__fixtures@optional-call.js.snap
       • repos/facebook_react/compiler/crates/react_hermes_parser/tests/snapshots/parser_test__fixtures@optional-computed-load-static.js.snap
       • repos/facebook_react/compiler/crates/react_hermes_parser/tests/snapshots/parser_test__fixtures@optional-computed-member-expression.js.snap
       • repos/facebook_react/compiler/crates/react_hermes_parser/tests/snapshots/parser_test__fixtures@optional-member-expression-call-as-property.js.snap
       • repos/facebook_react/compiler/crates/react_hermes_parser/tests/snapshots/parser_test__fixtures@optional-member-expression-chain.js.snap
       • repos/facebook_react/compiler/crates/react_hermes_parser/tests/snapshots/parser_test__fixtures@optional-member-expression.js.snap
       • repos/facebook_react/compiler/crates/react_hermes_parser/tests/snapshots/parser_test__fixtures@optional-member-expression-with-optional-member-expr-as-property.js.snap
       • repos/facebook_react/compiler/crates/react_hermes_parser/tests/snapshots/parser_test__fixtures@optional-method-call.js.snap
       • repos/facebook_react/compiler/crates/react_hermes_parser/tests/snapshots/parser_test__fixtures@optional-receiver-method-call.js.snap
       • repos/facebook_react/compiler/crates/react_hermes_parser/tests/snapshots/parser_test__fixtures@overlapping-scopes-interleaved-by-terminal.js.snap
       • repos/facebook_react/compiler/crates/react_hermes_parser/tests/snapshots/parser_test__fixtures@optional-receiver-optional-method.js.snap
       • repos/facebook_react/compiler/crates/react_hermes_parser/tests/snapshots/parser_test__fixtures@overlapping-scopes-interleaved.js.snap
       • repos/facebook_react/compiler/crates/react_hermes_parser/tests/snapshots/parser_test__fixtures@overlapping-scopes-shadowed.js.snap
       • repos/facebook_react/compiler/crates/react_hermes_parser/tests/snapshots/parser_test__fixtures@overlapping-scopes-while.js.snap
       • repos/facebook_react/compiler/crates/react_hermes_parser/tests/snapshots/parser_test__fixtures@overlapping-scopes-within-block.js.snap
       • repos/facebook_react/compiler/crates/react_hermes_parser/tests/snapshots/parser_test__fixtures@overlapping-scopes-shadowing-within-block.js.snap
       • repos/facebook_react/compiler/crates/react_hermes_parser/tests/snapshots/parser_test__fixtures@primitive-alias-mutate.js.snap
       • repos/facebook_react/compiler/crates/react_hermes_parser/tests/snapshots/parser_test__fixtures@primitive-as-dep-nested-scope.js.snap
       • repos/facebook_react/compiler/crates/react_hermes_parser/tests/snapshots/parser_test__fixtures@primitive-as-dep.js.snap
       • repos/facebook_react/compiler/crates/react_hermes_parser/tests/snapshots/parser_test__fixtures@prop-capturing-function-1.js.snap
       • repos/facebook_react/compiler/crates/react_hermes_parser/tests/snapshots/parser_test__fixtures@property-assignment.js.snap
       • repos/facebook_react/compiler/crates/react_hermes_parser/tests/snapshots/parser_test__fixtures@property-call-evaluation-order.js.snap
       • repos/facebook_react/compiler/crates/react_hermes_parser/tests/snapshots/parser_test__fixtures@property-call-spread.js.snap
       • repos/facebook_react/compiler/crates/react_hermes_parser/tests/snapshots/parser_test__fixtures@reactive-dependencies-non-optional-properties-inside-optional-chain.js.snap
       • repos/facebook_react/compiler/crates/react_hermes_parser/tests/snapshots/parser_test__fixtures@reactive-scope-grouping.js.snap
       • repos/facebook_react/compiler/crates/react_hermes_parser/tests/snapshots/parser_test__fixtures@reactive-scopes.js.snap
       • repos/facebook_react/compiler/crates/react_hermes_parser/tests/snapshots/parser_test__fixtures@reactivity-analysis-interleaved-reactivity.js.snap
       • repos/facebook_react/compiler/crates/react_hermes_parser/tests/snapshots/parser_test__fixtures@reactive-scopes-if.js.snap
       • repos/facebook_react/compiler/crates/react_hermes_parser/tests/snapshots/parser_test__fixtures@reactivity-analysis-reactive-via-mutation-of-computed-load.js.snap
       • repos/facebook_react/compiler/crates/react_hermes_parser/tests/snapshots/parser_test__fixtures@reactivity-analysis-reactive-via-mutation-of-property-load.js.snap
       • repos/facebook_react/compiler/crates/react_hermes_parser/tests/snapshots/parser_test__fixtures@reassign-primitive-in-context.js.snap
       • repos/facebook_react/compiler/crates/react_hermes_parser/tests/snapshots/parser_test__fixtures@reassign-object-in-context.js.snap
       • repos/facebook_react/compiler/crates/react_hermes_parser/tests/snapshots/parser_test__fixtures@reassigned-phi-in-returned-function-expression.js.snap
       • repos/facebook_react/compiler/crates/react_hermes_parser/tests/snapshots/parser_test__fixtures@reassignment-conditional.js.snap
       • repos/facebook_react/compiler/crates/react_hermes_parser/tests/snapshots/parser_test__fixtures@reassignment-separate-scopes.js.snap
       • repos/facebook_react/compiler/crates/react_hermes_parser/tests/snapshots/parser_test__fixtures@reassignment.js.snap
       • repos/facebook_react/compiler/crates/react_hermes_parser/tests/snapshots/parser_test__fixtures@recursive-function-expr.js.snap
       • repos/facebook_react/compiler/crates/react_hermes_parser/tests/snapshots/parser_test__fixtures@reduce-reactive-cond-deps-cfg-ifelse.js.snap
       • repos/facebook_react/compiler/crates/react_hermes_parser/tests/snapshots/parser_test__fixtures@reduce-reactive-cond-deps-cfg-condexpr.js.snap
       • repos/facebook_react/compiler/crates/react_hermes_parser/tests/snapshots/parser_test__fixtures@reduce-reactive-cond-deps-cfg-nested-ifelse-missing.js.snap
       • repos/facebook_react/compiler/crates/react_hermes_parser/tests/snapshots/parser_test__fixtures@reduce-reactive-cond-deps-cfg-nested-ifelse.js.snap
       • repos/facebook_react/compiler/crates/react_hermes_parser/tests/snapshots/parser_test__fixtures@reduce-reactive-cond-deps-cfg-switch-missing-case.js.snap
       • repos/facebook_react/compiler/crates/react_hermes_parser/tests/snapshots/parser_test__fixtures@reduce-reactive-cond-deps-cfg-switch-missing-default.js.snap
       • repos/facebook_react/compiler/crates/react_hermes_parser/tests/snapshots/parser_test__fixtures@reduce-reactive-cond-deps-cfg-switch.js.snap
       • repos/facebook_react/compiler/crates/react_hermes_parser/tests/snapshots/parser_test__fixtures@reduce-reactive-cond-deps-no-uncond.js.snap
       • repos/facebook_react/compiler/crates/react_hermes_parser/tests/snapshots/parser_test__fixtures@reduce-reactive-cond-deps-promote-uncond.js.snap
       • repos/facebook_react/compiler/crates/react_hermes_parser/tests/snapshots/parser_test__fixtures@reduce-reactive-cond-deps-subpath-order1.js.snap
       • repos/facebook_react/compiler/crates/react_hermes_parser/tests/snapshots/parser_test__fixtures@reduce-reactive-cond-deps-subpath-order2.js.snap
       • repos/facebook_react/compiler/crates/react_hermes_parser/tests/snapshots/parser_test__fixtures@reduce-reactive-cond-deps-superpath-order1.js.snap
       • repos/facebook_react/compiler/crates/react_hermes_parser/tests/snapshots/parser_test__fixtures@reduce-reactive-cond-memberexpr-join.js.snap
       • repos/facebook_react/compiler/crates/react_hermes_parser/tests/snapshots/parser_test__fixtures@reduce-reactive-cond-deps-superpath-order2.js.snap
       • repos/facebook_react/compiler/crates/react_hermes_parser/tests/snapshots/parser_test__fixtures@reduce-reactive-deps-cond-scope.js.snap
       • repos/facebook_react/compiler/crates/react_hermes_parser/tests/snapshots/parser_test__fixtures@reduce-reactive-deps-join-uncond-scopes-cond-deps.js.snap
       • repos/facebook_react/compiler/crates/react_hermes_parser/tests/snapshots/parser_test__fixtures@reduce-reactive-uncond-deps-nonoverlap-descendant.js.snap
       • repos/facebook_react/compiler/crates/react_hermes_parser/tests/snapshots/parser_test__fixtures@reduce-reactive-dependencies-optional-member-expression.js.snap
       • repos/facebook_react/compiler/crates/react_hermes_parser/tests/snapshots/parser_test__fixtures@reduce-reactive-uncond-deps-nonoverlap-direct.js.snap
       • repos/facebook_react/compiler/crates/react_hermes_parser/tests/snapshots/parser_test__fixtures@reduce-reactive-uncond-deps-overlap-descendant.js.snap
       • repos/facebook_react/compiler/crates/react_hermes_parser/tests/snapshots/parser_test__fixtures@reduce-reactive-uncond-deps-overlap-direct.js.snap
       • repos/facebook_react/compiler/crates/react_hermes_parser/tests/snapshots/parser_test__fixtures@reduce-reactive-uncond-deps-subpath-order2.js.snap
       • repos/facebook_react/compiler/crates/react_hermes_parser/tests/snapshots/parser_test__fixtures@reduce-reactive-uncond-deps-subpath-order1.js.snap
       • repos/facebook_react/compiler/crates/react_hermes_parser/tests/snapshots/parser_test__fixtures@reduce-reactive-uncond-deps-subpath-order3.js.snap
       • repos/facebook_react/compiler/crates/react_hermes_parser/tests/snapshots/parser_test__fixtures@ref-current-aliased-no-added-to-dep.js.snap
       • repos/facebook_react/compiler/crates/react_hermes_parser/tests/snapshots/parser_test__fixtures@ref-current-aliased-not-added-to-dep-2.js.snap
       • repos/facebook_react/compiler/crates/react_hermes_parser/tests/snapshots/parser_test__fixtures@ref-current-field-not-added-to-dep.js.snap
       • repos/facebook_react/compiler/crates/react_hermes_parser/tests/snapshots/parser_test__fixtures@ref-current-not-added-to-dep-2.js.snap
       • repos/facebook_react/compiler/crates/react_hermes_parser/tests/snapshots/parser_test__fixtures@ref-current-not-added-to-dep.js.snap
       • repos/facebook_react/compiler/crates/react_hermes_parser/tests/snapshots/parser_test__fixtures@ref-current-optional-field-no-added-to-dep.js.snap
       • repos/facebook_react/compiler/crates/react_hermes_parser/tests/snapshots/parser_test__fixtures@ref-current-write-not-added-to-dep.js.snap
       • repos/facebook_react/compiler/crates/react_hermes_parser/tests/snapshots/parser_test__fixtures@ref-in-effect.js.snap
       • repos/facebook_react/compiler/crates/react_hermes_parser/tests/snapshots/parser_test__fixtures@remove-memoization-kitchen-sink.js.snap
       • repos/facebook_react/compiler/crates/react_hermes_parser/tests/snapshots/parser_test__fixtures@regexp-literal.js.snap
       • repos/facebook_react/compiler/crates/react_hermes_parser/tests/snapshots/parser_test__fixtures@repro-reassign-to-variable-without-mutable-range.js.snap
       • repos/facebook_react/compiler/crates/react_hermes_parser/tests/snapshots/parser_test__fixtures@repro-scope-missing-mutable-range.js.snap
       • repos/facebook_react/compiler/crates/react_hermes_parser/tests/snapshots/parser_test__fixtures@repro.js.snap
       • repos/facebook_react/compiler/crates/react_hermes_parser/tests/snapshots/parser_test__fixtures@return-conditional.js.snap
       • repos/facebook_react/compiler/crates/react_hermes_parser/tests/snapshots/parser_test__fixtures@return-undefined.js.snap
       • repos/facebook_react/compiler/crates/react_hermes_parser/tests/snapshots/parser_test__fixtures@reverse-postorder.js.snap
       • repos/facebook_react/compiler/crates/react_hermes_parser/tests/snapshots/parser_test__fixtures@same-variable-as-dep-and-redeclare-maybe-frozen.js.snap
       • repos/facebook_react/compiler/crates/react_hermes_parser/tests/snapshots/parser_test__fixtures@sequence-expression.js.snap
       • repos/facebook_react/compiler/crates/react_hermes_parser/tests/snapshots/parser_test__fixtures@same-variable-as-dep-and-redeclare.js.snap
       • repos/facebook_react/compiler/crates/react_hermes_parser/tests/snapshots/parser_test__fixtures@sequentially-constant-progagatable-if-test-conditions.js.snap
       • repos/facebook_react/compiler/crates/react_hermes_parser/tests/snapshots/parser_test__fixtures@simple-function-1.js.snap
       • repos/facebook_react/compiler/crates/react_hermes_parser/tests/snapshots/parser_test__fixtures@simple-alias.js.snap
       • repos/facebook_react/compiler/crates/react_hermes_parser/tests/snapshots/parser_test__fixtures@simple-scope.js.snap
       • repos/facebook_react/compiler/crates/react_hermes_parser/tests/snapshots/parser_test__fixtures@simple.js.snap
       • repos/facebook_react/compiler/crates/react_hermes_parser/tests/snapshots/parser_test__fixtures@sketchy-code-exhaustive-deps.js.snap
       • repos/facebook_react/compiler/crates/react_hermes_parser/tests/snapshots/parser_test__fixtures@sketchy-code-rules-of-hooks.js.snap
       • repos/facebook_react/compiler/crates/react_hermes_parser/tests/snapshots/parser_test__fixtures@ssa-arrayexpression.js.snap
       • repos/facebook_react/compiler/crates/react_hermes_parser/tests/snapshots/parser_test__fixtures@ssa-call-jsx-2.js.snap
       • repos/facebook_react/compiler/crates/react_hermes_parser/tests/snapshots/parser_test__fixtures@ssa-call-jsx.js.snap
       • repos/facebook_react/compiler/crates/react_hermes_parser/tests/snapshots/parser_test__fixtures@ssa-cascading-eliminated-phis.js.snap
       • repos/facebook_react/compiler/crates/react_hermes_parser/tests/snapshots/parser_test__fixtures@ssa-complex-multiple-if.js.snap
       • repos/facebook_react/compiler/crates/react_hermes_parser/tests/snapshots/parser_test__fixtures@ssa-complex-single-if.js.snap
       • repos/facebook_react/compiler/crates/react_hermes_parser/tests/snapshots/parser_test__fixtures@ssa-for-of.js.snap
       • repos/facebook_react/compiler/crates/react_hermes_parser/tests/snapshots/parser_test__fixtures@ssa-for-trivial-update.js.snap
       • repos/facebook_react/compiler/crates/react_hermes_parser/tests/snapshots/parser_test__fixtures@ssa-for.js.snap
       • repos/facebook_react/compiler/crates/react_hermes_parser/tests/snapshots/parser_test__fixtures@ssa-if-else.js.snap
       • repos/facebook_react/compiler/crates/react_hermes_parser/tests/snapshots/parser_test__fixtures@ssa-leave-case.js.snap
       • repos/facebook_react/compiler/crates/react_hermes_parser/tests/snapshots/parser_test__fixtures@ssa-multiple-phis.js.snap
       • repos/facebook_react/compiler/crates/react_hermes_parser/tests/snapshots/parser_test__fixtures@ssa-nested-loops-no-reassign.js.snap
       • repos/facebook_react/compiler/crates/react_hermes_parser/tests/snapshots/parser_test__fixtures@ssa-nested-partial-phi.js.snap
       • repos/facebook_react/compiler/crates/react_hermes_parser/tests/snapshots/parser_test__fixtures@ssa-nested-partial-reassignment.js.snap
       • repos/facebook_react/compiler/crates/react_hermes_parser/tests/snapshots/parser_test__fixtures@ssa-newexpression.js.snap
       • repos/facebook_react/compiler/crates/react_hermes_parser/tests/snapshots/parser_test__fixtures@ssa-non-empty-initializer.js.snap
       • repos/facebook_react/compiler/crates/react_hermes_parser/tests/snapshots/parser_test__fixtures@ssa-objectexpression-phi.js.snap
       • repos/facebook_react/compiler/crates/react_hermes_parser/tests/snapshots/parser_test__fixtures@ssa-objectexpression.js.snap
       • repos/facebook_react/compiler/crates/react_hermes_parser/tests/snapshots/parser_test__fixtures@ssa-property-alias-alias-mutate-if.js.snap
       • repos/facebook_react/compiler/crates/react_hermes_parser/tests/snapshots/parser_test__fixtures@ssa-property-alias-if.js.snap
       • repos/facebook_react/compiler/crates/react_hermes_parser/tests/snapshots/parser_test__fixtures@ssa-property-alias-mutate-if.js.snap
       • repos/facebook_react/compiler/crates/react_hermes_parser/tests/snapshots/parser_test__fixtures@ssa-property-alias-mutate-inside-if.js.snap
       • repos/facebook_react/compiler/crates/react_hermes_parser/tests/snapshots/parser_test__fixtures@ssa-property-alias-mutate.js.snap
       • repos/facebook_react/compiler/crates/react_hermes_parser/tests/snapshots/parser_test__fixtures@ssa-property-call.js.snap
       • repos/facebook_react/compiler/crates/react_hermes_parser/tests/snapshots/parser_test__fixtures@ssa-property-mutate-2.js.snap
       • repos/facebook_react/compiler/crates/react_hermes_parser/tests/snapshots/parser_test__fixtures@ssa-property-mutate-alias.js.snap
       • repos/facebook_react/compiler/crates/react_hermes_parser/tests/snapshots/parser_test__fixtures@ssa-property-mutate.js.snap
       • repos/facebook_react/compiler/crates/react_hermes_parser/tests/snapshots/parser_test__fixtures@ssa-property.js.snap
       • repos/facebook_react/compiler/crates/react_hermes_parser/tests/snapshots/parser_test__fixtures@ssa-reassign-in-rval.js.snap
       • repos/facebook_react/compiler/crates/react_hermes_parser/tests/snapshots/parser_test__fixtures@ssa-reassign.js.snap
       • repos/facebook_react/compiler/crates/react_hermes_parser/tests/snapshots/parser_test__fixtures@ssa-renaming-ternary-destruction-with-mutation.js.snap
       • repos/facebook_react/compiler/crates/react_hermes_parser/tests/snapshots/parser_test__fixtures@ssa-renaming-ternary-destruction.js.snap
       • repos/facebook_react/compiler/crates/react_hermes_parser/tests/snapshots/parser_test__fixtures@ssa-renaming-ternary-with-mutation.js.snap
       • repos/facebook_react/compiler/crates/react_hermes_parser/tests/snapshots/parser_test__fixtures@ssa-renaming-ternary.js.snap
       • repos/facebook_react/compiler/crates/react_hermes_parser/tests/snapshots/parser_test__fixtures@ssa-renaming-unconditional-ternary-with-mutation.js.snap
       • repos/facebook_react/compiler/crates/react_hermes_parser/tests/snapshots/parser_test__fixtures@ssa-renaming-unconditional-ternary.js.snap
       • repos/facebook_react/compiler/crates/react_hermes_parser/tests/snapshots/parser_test__fixtures@ssa-renaming-unconditional-with-mutation.js.snap
       • repos/facebook_react/compiler/crates/react_hermes_parser/tests/snapshots/parser_test__fixtures@ssa-renaming-via-destructuring.js.snap
       • repos/facebook_react/compiler/crates/react_hermes_parser/tests/snapshots/parser_test__fixtures@ssa-renaming-via-destructuring-with-mutation.js.snap
       • repos/facebook_react/compiler/crates/react_hermes_parser/tests/snapshots/parser_test__fixtures@ssa-renaming-with-mutation.js.snap
       • repos/facebook_react/compiler/crates/react_hermes_parser/tests/snapshots/parser_test__fixtures@ssa-renaming.js.snap
       • repos/facebook_react/compiler/crates/react_hermes_parser/tests/snapshots/parser_test__fixtures@ssa-shadowing.js.snap
       • repos/facebook_react/compiler/crates/react_hermes_parser/tests/snapshots/parser_test__fixtures@ssa-return.js.snap
       • repos/facebook_react/compiler/crates/react_hermes_parser/tests/snapshots/parser_test__fixtures@ssa-sibling-phis.js.snap
       • repos/facebook_react/compiler/crates/react_hermes_parser/tests/snapshots/parser_test__fixtures@ssa-simple-phi.js.snap
       • repos/facebook_react/compiler/crates/react_hermes_parser/tests/snapshots/parser_test__fixtures@ssa-simple.js.snap
       • repos/facebook_react/compiler/crates/react_hermes_parser/tests/snapshots/parser_test__fixtures@ssa-single-if.js.snap
       • repos/facebook_react/compiler/crates/react_hermes_parser/tests/snapshots/parser_test__fixtures@ssa-switch.js.snap
       • repos/facebook_react/compiler/crates/react_hermes_parser/tests/snapshots/parser_test__fixtures@ssa-throw.js.snap
       • repos/facebook_react/compiler/crates/react_hermes_parser/tests/snapshots/parser_test__fixtures@ssa-while-no-reassign.js.snap
       • repos/facebook_react/compiler/crates/react_hermes_parser/tests/snapshots/parser_test__fixtures@ssa-while.js.snap
       • repos/facebook_react/compiler/crates/react_hermes_parser/tests/snapshots/parser_test__fixtures@store-via-call.js.snap
       • repos/facebook_react/compiler/crates/react_hermes_parser/tests/snapshots/parser_test__fixtures@store-via-new.js.snap
       • repos/facebook_react/compiler/crates/react_hermes_parser/tests/snapshots/parser_test__fixtures@switch-non-final-default.js.snap
       • repos/facebook_react/compiler/crates/react_hermes_parser/tests/snapshots/parser_test__fixtures@switch-global-propertyload-case-test.js.snap
       • repos/facebook_react/compiler/crates/react_hermes_parser/tests/snapshots/parser_test__fixtures@switch-with-fallthrough.js.snap
       • repos/facebook_react/compiler/crates/react_hermes_parser/tests/snapshots/parser_test__fixtures@tagged-template-in-hook.js.snap
       • repos/facebook_react/compiler/crates/react_hermes_parser/tests/snapshots/parser_test__fixtures@tagged-template-literal.js.snap
       • repos/facebook_react/compiler/crates/react_hermes_parser/tests/snapshots/parser_test__fixtures@template-literal.js.snap
       • repos/facebook_react/compiler/crates/react_hermes_parser/tests/snapshots/parser_test__fixtures@switch.js.snap
       • repos/facebook_react/compiler/crates/react_hermes_parser/tests/snapshots/parser_test__fixtures@temporary-accessed-outside-scope.js.snap
       • repos/facebook_react/compiler/crates/react_hermes_parser/tests/snapshots/parser_test__fixtures@temporary-property-load-accessed-outside-scope.js.snap
       • repos/facebook_react/compiler/crates/react_hermes_parser/tests/snapshots/parser_test__fixtures@temporary-at-start-of-value-block.js.snap
       • repos/facebook_react/compiler/crates/react_hermes_parser/tests/snapshots/parser_test__fixtures@ternary-assignment-expression.js.snap
       • repos/facebook_react/compiler/crates/react_hermes_parser/tests/snapshots/parser_test__fixtures@todo-function-expression-captures-value-later-frozen.js.snap
       • repos/facebook_react/compiler/crates/react_hermes_parser/tests/snapshots/parser_test__fixtures@ternary-expression.js.snap
       • repos/facebook_react/compiler/crates/react_hermes_parser/tests/snapshots/parser_test__fixtures@timers.js.snap
       • repos/facebook_react/compiler/crates/react_hermes_parser/tests/snapshots/parser_test__fixtures@todo.unnecessary-lambda-memoization.js.snap
       • repos/facebook_react/compiler/crates/react_hermes_parser/tests/snapshots/parser_test__fixtures@trivial.js.snap
       • repos/facebook_react/compiler/crates/react_hermes_parser/tests/snapshots/parser_test__fixtures@transitive-alias-fields.js.snap
       • repos/facebook_react/compiler/crates/react_hermes_parser/tests/snapshots/parser_test__fixtures@type-args-test-binary-operator.js.snap
       • repos/facebook_react/compiler/crates/react_hermes_parser/tests/snapshots/parser_test__fixtures@type-binary-operator.js.snap
       • repos/facebook_react/compiler/crates/react_hermes_parser/tests/snapshots/parser_test__fixtures@type-field-load.js.snap
       • repos/facebook_react/compiler/crates/react_hermes_parser/tests/snapshots/parser_test__fixtures@type-cast-expression.flow.js.snap
       • repos/facebook_react/compiler/crates/react_hermes_parser/tests/snapshots/parser_test__fixtures@type-test-field-load-binary-op.js.snap
       • repos/facebook_react/compiler/crates/react_hermes_parser/tests/snapshots/parser_test__fixtures@type-test-field-store.js.snap
       • repos/facebook_react/compiler/crates/react_hermes_parser/tests/snapshots/parser_test__fixtures@type-test-primitive.js.snap
       • repos/facebook_react/compiler/crates/react_hermes_parser/tests/snapshots/parser_test__fixtures@type-test-polymorphic.js.snap
       • repos/facebook_react/compiler/crates/react_hermes_parser/tests/snapshots/parser_test__fixtures@type-test-return-type-inference.js.snap
       • repos/facebook_react/compiler/crates/react_hermes_parser/tests/snapshots/parser_test__fixtures@unary-expr.js.snap
       • repos/facebook_react/compiler/crates/react_hermes_parser/tests/snapshots/parser_test__fixtures@uninitialized-declaration-in-reactive-scope.js.snap
       • repos/facebook_react/compiler/crates/react_hermes_parser/tests/snapshots/parser_test__fixtures@unconditional-break-label.js.snap
       • repos/facebook_react/compiler/crates/react_hermes_parser/tests/snapshots/parser_test__fixtures@unknown-hooks-do-not-assert.js.snap
       • repos/facebook_react/compiler/crates/react_hermes_parser/tests/snapshots/parser_test__fixtures@unused-array-middle-element.js.snap
       • repos/facebook_react/compiler/crates/react_hermes_parser/tests/snapshots/parser_test__fixtures@unused-conditional.js.snap
       • repos/facebook_react/compiler/crates/react_hermes_parser/tests/snapshots/parser_test__fixtures@unused-array-rest-element.js.snap
       • repos/facebook_react/compiler/crates/react_hermes_parser/tests/snapshots/parser_test__fixtures@unused-logical-assigned-to-variable.js.snap
       • repos/facebook_react/compiler/crates/react_hermes_parser/tests/snapshots/parser_test__fixtures@unused-logical.js.snap
       • repos/facebook_react/compiler/crates/react_hermes_parser/tests/snapshots/parser_test__fixtures@unused-object-element-with-rest.js.snap
       • repos/facebook_react/compiler/crates/react_hermes_parser/tests/snapshots/parser_test__fixtures@unused-object-element.js.snap
       • repos/facebook_react/compiler/crates/react_hermes_parser/tests/snapshots/parser_test__fixtures@unused-optional-method-assigned-to-variable.js.snap
       • repos/facebook_react/compiler/crates/react_hermes_parser/tests/snapshots/parser_test__fixtures@unused-ternary-assigned-to-variable.js.snap
       • repos/facebook_react/compiler/crates/react_hermes_parser/tests/snapshots/parser_test__fixtures@use-callback-simple.js.snap
       • repos/facebook_react/compiler/crates/react_hermes_parser/tests/snapshots/parser_test__fixtures@update-expression.js.snap
       • repos/facebook_react/compiler/crates/react_hermes_parser/tests/snapshots/parser_test__fixtures@useEffect-arg-memoized.js.snap
       • repos/facebook_react/compiler/crates/react_hermes_parser/tests/snapshots/parser_test__fixtures@useEffect-nested-lambdas.js.snap
       • repos/facebook_react/compiler/crates/react_hermes_parser/tests/snapshots/parser_test__fixtures@useMemo-if-else-multiple-return.js.snap
       • repos/facebook_react/compiler/crates/react_hermes_parser/tests/snapshots/parser_test__fixtures@useMemo-independently-memoizeable.js.snap
       • repos/facebook_react/compiler/crates/react_hermes_parser/tests/snapshots/parser_test__fixtures@useMemo-inlining-block-return.js.snap
       • repos/facebook_react/compiler/crates/react_hermes_parser/tests/snapshots/parser_test__fixtures@useMemo-inverted-if.js.snap
       • repos/facebook_react/compiler/crates/react_hermes_parser/tests/snapshots/parser_test__fixtures@useMemo-labeled-statement-unconditional-return.js.snap
       • repos/facebook_react/compiler/crates/react_hermes_parser/tests/snapshots/parser_test__fixtures@useMemo-logical.js.snap
       • repos/facebook_react/compiler/crates/react_hermes_parser/tests/snapshots/parser_test__fixtures@useMemo-multiple-if-else.js.snap
       • repos/facebook_react/compiler/crates/react_hermes_parser/tests/snapshots/parser_test__fixtures@useMemo-named-function.js.snap
       • repos/facebook_react/compiler/crates/react_hermes_parser/tests/snapshots/parser_test__fixtures@useMemo-nested-ifs.js.snap
       • repos/facebook_react/compiler/crates/react_hermes_parser/tests/snapshots/parser_test__fixtures@useMemo-return-empty.js.snap
       • repos/facebook_react/compiler/crates/react_hermes_parser/tests/snapshots/parser_test__fixtures@useMemo-simple.js.snap
       • repos/facebook_react/compiler/crates/react_hermes_parser/tests/snapshots/parser_test__fixtures@useMemo-switch-no-fallthrough.js.snap
       • repos/facebook_react/compiler/crates/react_hermes_parser/tests/snapshots/parser_test__fixtures@while-break.js.snap
       • repos/facebook_react/compiler/crates/react_hermes_parser/tests/snapshots/parser_test__fixtures@useMemo-switch-return.js.snap
       • repos/facebook_react/compiler/crates/react_hermes_parser/tests/snapshots/parser_test__fixtures@while-conditional-continue.js.snap
       • repos/facebook_react/compiler/crates/react_hermes_parser/tests/snapshots/parser_test__fixtures@while-logical.js.snap
       • repos/facebook_react/compiler/crates/react_hermes_parser/tests/snapshots/parser_test__fixtures@while-property.js.snap

Test Suites: 1 passed, 1 total
Tests:       27 passed, 27 total
Snapshots:   531 files obsolete, 0 total
Time:        29.519 s, estimated 31 s
